I'm sorry, but errors were detected in your script. Please correct the
errors listed below, and try again.


File "game/script.rpy", line 914: expected statement.
    bg eientei
              ^

Ren'Py Version: Ren'Py 7.4.8.1895
Sun Nov 28 05:24:36 2021
